------------------------------------------------------------
TimeQuest Timing Analyzer Summary
------------------------------------------------------------

Type  : Slow 1100mV 85C Model Setup 'ClockIn'
Slack : 36.118
TNS   : 0.000

Type  : Slow 1100mV 85C Model Hold 'ClockIn'
Slack : 0.830
TNS   : 0.000

Type  : Slow 1100mV 85C Model Minimum Pulse Width 'ClockIn'
Slack : 48.497
TNS   : 0.000

Type  : Slow 1100mV 0C Model Setup 'ClockIn'
Slack : 35.835
TNS   : 0.000

Type  : Slow 1100mV 0C Model Hold 'ClockIn'
Slack : 0.892
TNS   : 0.000

Type  : Slow 1100mV 0C Model Minimum Pulse Width 'ClockIn'
Slack : 48.449
TNS   : 0.000

Type  : Fast 1100mV 85C Model Setup 'ClockIn'
Slack : 41.977
TNS   : 0.000

Type  : Fast 1100mV 85C Model Hold 'ClockIn'
Slack : 0.303
TNS   : 0.000

Type  : Fast 1100mV 85C Model Minimum Pulse Width 'ClockIn'
Slack : 48.545
TNS   : 0.000

Type  : Fast 1100mV 0C Model Setup 'ClockIn'
Slack : 42.491
TNS   : 0.000

Type  : Fast 1100mV 0C Model Hold 'ClockIn'
Slack : 0.294
TNS   : 0.000

Type  : Fast 1100mV 0C Model Minimum Pulse Width 'ClockIn'
Slack : 48.655
TNS   : 0.000

------------------------------------------------------------
