------------------------------------------------------------
TimeQuest Timing Analyzer Summary
------------------------------------------------------------

Type  : Slow 1100mV 85C Model Setup 'ClockIn'
Slack : 35.419
TNS   : 0.000

Type  : Slow 1100mV 85C Model Hold 'ClockIn'
Slack : 0.624
TNS   : 0.000

Type  : Slow 1100mV 85C Model Minimum Pulse Width 'ClockIn'
Slack : 47.918
TNS   : 0.000

Type  : Slow 1100mV 0C Model Setup 'ClockIn'
Slack : 35.222
TNS   : 0.000

Type  : Slow 1100mV 0C Model Hold 'ClockIn'
Slack : 0.632
TNS   : 0.000

Type  : Slow 1100mV 0C Model Minimum Pulse Width 'ClockIn'
Slack : 47.998
TNS   : 0.000

Type  : Fast 1100mV 85C Model Setup 'ClockIn'
Slack : 41.514
TNS   : 0.000

Type  : Fast 1100mV 85C Model Hold 'ClockIn'
Slack : 0.218
TNS   : 0.000

Type  : Fast 1100mV 85C Model Minimum Pulse Width 'ClockIn'
Slack : 48.410
TNS   : 0.000

Type  : Fast 1100mV 0C Model Setup 'ClockIn'
Slack : 42.228
TNS   : 0.000

Type  : Fast 1100mV 0C Model Hold 'ClockIn'
Slack : 0.192
TNS   : 0.000

Type  : Fast 1100mV 0C Model Minimum Pulse Width 'ClockIn'
Slack : 48.476
TNS   : 0.000

------------------------------------------------------------
